exports[`<Layout /> matches render snapshot 1`] = `
<div>
  <p>
    children
  </p>
</div>
`;
