exports[`<MapComponent /> matches render snapshot 1`] = `
<div>
  <Navbar />
  <LocationsMap
    center={
      Object {
        "lat": 32.789008,
        "lng": -79.932115,
      }
    }
    googleMapsApiKey="TestAPIKeyValue"
    venues={Array []}
    zoom={16} />
</div>
`;
